<?xml version="1.0" encoding="utf-8"?><testsuites><testsuite name="pytest" errors="0" failures="0" skipped="0" tests="4" time="131.537" timestamp="2023-09-25T02:17:21.084182" hostname="DESKTOP-6U7NTVB"><testcase classname="tests.model.test_model.TestModel" name="test_model_fit" time="21.647" /><testcase classname="tests.model.test_model.TestModel" name="test_model_predict" time="42.506" /><testcase classname="tests.model.test_model.TestModel" name="test_model_preprocess_for_serving" time="21.010" /><testcase classname="tests.model.test_model.TestModel" name="test_model_preprocess_for_training" time="22.866" /></testsuite></testsuites>